<brush x="0" y="0" z="0" width="64" height="16" color="BRN" />
<brush x="72" y="0" z="0" width="16" height="32" color="DKGR" />
<brush x="96" y="0" z="0" width="64" height="16" color="BRN" />
<brush x="0" y="16" z="0" width="8" height="64" color="BRN" />
<brush x="152" y="16" z="0" width="8" height="64" color="BRN" />
<brush x="32" y="32" z="0" width="16" height="16" color="DKGR" />
<brush x="112" y="32" z="0" width="16" height="16" color="DKGR" />
<brush x="16" y="48" z="0" width="8" height="96" color="DKGR" />
<brush x="40" y="48" z="0" width="8" height="16" color="DKGR" />
<brush x="56" y="48" z="0" width="16" height="16" color="DKGR" />
<brush x="88" y="48" z="0" width="16" height="16" color="DKGR" />
<brush x="112" y="48" z="0" width="8" height="16" color="DKGR" />
<brush x="136" y="48" z="0" width="8" height="96" color="DKGR" />
<brush x="56" y="64" z="0" width="8" height="16" color="DKGR" />
<brush x="96" y="64" z="0" width="8" height="16" color="DKGR" />
<brush x="32" y="80" z="0" width="8" height="32" color="DKGR" />
<brush x="72" y="80" z="0" width="16" height="32" color="DKGR" />
<brush x="120" y="80" z="0" width="8" height="32" color="DKGR" />
<brush x="0" y="112" z="0" width="8" height="80" color="BRN" />
<brush x="56" y="112" z="0" width="8" height="32" color="DKGR" />
<brush x="96" y="112" z="0" width="8" height="32" color="DKGR" />
<brush x="152" y="112" z="0" width="8" height="80" color="BRN" />
<brush x="40" y="128" z="0" width="8" height="32" color="DKGR" />
<brush x="64" y="128" z="0" width="8" height="16" color="DKGR" />
<brush x="88" y="128" z="0" width="8" height="16" color="DKGR" />
<brush x="112" y="128" z="0" width="8" height="32" color="DKGR" />
<brush x="32" y="144" z="0" width="8" height="16" color="DKGR" />
<brush x="120" y="144" z="0" width="8" height="16" color="DKGR" />
<brush x="72" y="160" z="0" width="16" height="32" color="DKGR" />
<brush x="8" y="176" z="0" width="56" height="16" color="BRN" />
<brush x="96" y="176" z="0" width="56" height="16" color="BRN" />
