u   u  u  uuuu    uu u  uuu  uu         u
u   u  u     u    uu u  u    uu    uuuuuu
u   u  uuuu  u     u u     uuuuuu  uuuuuu
u   u    uu        u u     uu  uu       u
u   uuu         uuuu uuuu  uu  uuuuuuu  u
y     u  uuuuuuuukk     u               u
y     u  uuuuuuuukk     uuuuuuuuu  uuuuuu
u   uuu         uuuu u  u       u  u    u
u   u    uu        u u  u       u  u    u
u   u  uuuu  u     u u  u  uuuuuu  u    u
u   u  u     u    uu u  u  u            u
u   u  u  uuuu    uu u  u  u    uuuuuuuuu
                                
u   u  u  uuuu    uu u  u  u    uuuuuuuuu
u   u  uuuu  u  uuuu u  u  u            u
u   u        u  u       u  u   uuuuuuu  u
u   u        u  u       u  u   u     u  u
u   uuuuuu   u  u  u uuuu  u   u     u  u
u            u     u u  u  u   u     u   
u            u     u u  u  u   uuu   u    
u   uuuuuu   u  u  u u  u  u    uu   uuuu   
u   u        u  u       u  uuu          u
u   u        u  u       u    u          u
u   u  uuuu  u  uuuu u  uuu  uuuuuuuuuuuu
u   u  u  uuuu    uu u  uuu  uu         u

