                     u  uuuuuu  uuuuuuuuu
                     u  u    u     u    u
                     u  u    u     u    u
                     u  u    uuuu  u    u
                     u  u               u
                     u         uuuuuuu  u
                     u         uuuuuuu  u
                     u  u               u
                     u  u  uuuuuu     uuu
                     u  u  uuuuuu     uuu     
                     u  u               u
                     u  u               u                         
                                             
uuuuuuuuu  uuuuuuuuu u  u               u u  uuuuuu  uuuuuuuuu
uuuuuuuuu  uuuuuuuuu u  u          uu   u u  u               u
        u  u       u u  u  uuuuuu  uuuuuu u  u   u             
        u  u    u  u u  u  u    u  uu        uuuuu                
uuuu  uuu  uuu  u  u u  u  u    u  uuuuuu u  u       uuuuuuuuu
u  u  uuu  uuu  u       u  uuuuuu ..    u u  u       u       u
u  u            u       u         ..   uu u  u       u       u
u  u  uuu  uuu  u  u u  u              uu u  u       uuuuuuuuu
   u  uuu  uuu  u  u u  uuuuuuu        uu uuuu                 
   u    u  u       u u  uuuuuuu        uu u    u     u         
u  uuuuuu  uuuuuuuuu u  u        uuuuuuuu u    u     u       u
u  uuuuuu  uuuuuuuuu u  u        uuuuuuuu uuuuuuuuu  uuuuuuuuu     

                     u  u        uuuuuuuu
                     u  u   uu         uu
                     u  u   uu         uu
                     u  u   uuuuuuuu uuuu
                     u  u   uuuuuuuu uuuu
                     u                  u
                     u           uuuuuuuu
                     u  u        uuuuuuuu
                     u  u               u
                     u  u  uu           u
                     u  u  uu           u
                     u  uuuuuu  uuuuuuuuu
